{
    "human paired end bam CYP2D6 locus - GRCh37": {
        "content": [
            "Assembly=GRCh37\nSemanticType=CovFrame[DepthOfCoverage]\nPlatform=WGS\n"
        ],
        "meta": {
            "nf-test": "0.8.4",
            "nextflow": "24.04.3"
        },
        "timestamp": "2024-10-04T08:03:40.042032"
    },
    "stub": {
        "content": [
            {
                "0": [
                    [
                        {
                            "id": "test"
                        },
                        "test.zip:md5,76cdb2bad9582d23c1f6f4d868218d6c"
                    ]
                ],
                "1": [
                    "versions.yml:md5,245a2588c91875e1fe561955c4a0ad27"
                ],
                "coverage": [
                    [
                        {
                            "id": "test"
                        },
                        "test.zip:md5,76cdb2bad9582d23c1f6f4d868218d6c"
                    ]
                ],
                "versions": [
                    "versions.yml:md5,245a2588c91875e1fe561955c4a0ad27"
                ]
            }
        ],
        "meta": {
            "nf-test": "0.8.4",
            "nextflow": "24.04.3"
        },
        "timestamp": "2024-10-04T08:03:46.812983"
    }
}