{
    "human paired end bam CYP2D6 locus - GRCh37 - VDR control gene": {
        "content": [
            "Control=VDR\nAssembly=GRCh37\nSemanticType=SampleTable[Statistics]\nPlatform=WGS\n",
            "\tcount\tmean\tstd\tmin\t25%\t50%\t75%\tmax\nHG00436_subset\t0.0\t\t\t\t\t\t\t\n"
        ],
        "meta": {
            "nf-test": "0.8.4",
            "nextflow": "24.04.3"
        },
        "timestamp": "2024-10-03T14:16:47.35034"
    },
    "stub": {
        "content": [
            {
                "0": [
                    [
                        {
                            "id": "test"
                        },
                        "test_VDR.zip:md5,76cdb2bad9582d23c1f6f4d868218d6c"
                    ]
                ],
                "1": [
                    "versions.yml:md5,5e02770f9a0c92d5ea726fe7668e33e1"
                ],
                "control_stats": [
                    [
                        {
                            "id": "test"
                        },
                        "test_VDR.zip:md5,76cdb2bad9582d23c1f6f4d868218d6c"
                    ]
                ],
                "versions": [
                    "versions.yml:md5,5e02770f9a0c92d5ea726fe7668e33e1"
                ]
            }
        ],
        "meta": {
            "nf-test": "0.8.4",
            "nextflow": "24.04.3"
        },
        "timestamp": "2024-10-03T14:16:54.038919"
    }
}